// Jest Snapshot v1, https://goo.gl/fbAQLP

exports[`LazyloadContent Rendering should match snapshot 1`] = `
<DocumentFragment>
  <style
    data-cmpld="true"
  >
    ._19pk1wug{margin-top:auto}._2hwx1wug{margin-right:auto}._otyr1wug{margin-bottom:auto}._18u01wug{margin-left:auto}._1bsb13sl{width:85%}
  </style>
  <div
    class="_19pk1wug _2hwx1wug _otyr1wug _18u01wug _1bsb13sl"
  >
    <h1
      class="h1"
    >
      Lazyload content suspense
    </h1>
    <button>
      Show content
    </button>
  </div>
</DocumentFragment>
`;
