// Jest Snapshot v1, https://goo.gl/fbAQLP

exports[`Footer Rendering should match snapshot 1`] = `
<DocumentFragment>
  <style
    data-cmpld="true"
  >
    ._syaz1x77{color:white}._19pku29b{margin-top:80px}._y3gn1h6o{text-align:center}._x3doxja1{border-top:1px solid #fff}._ca0qgktf{padding-top:20px}._u5f3gktf{padding-right:20px}._n3tdgktf{padding-bottom:20px}._19bvgktf{padding-left:20px}@media screen and (max-width:480px){._za9y1wqb{margin-top:60px}}
  </style>
  <footer
    class="_za9y1wqb _syaz1x77 _19pku29b _y3gn1h6o _x3doxja1 _ca0qgktf _u5f3gktf _n3tdgktf _19bvgktf"
  >
    <style
      data-cmpld="true"
    >
      ._1e0c1txw{display:flex}._1bah1h6o{justify-content:center}._19pk1ylp{margin-top:40px}@media screen and (max-width:480px){._46cc1bp4{flex-direction:column}._za9y19bv{margin-top:10px}}
    </style>
    <div
      class="_46cc1bp4 _za9y19bv _1e0c1txw _1bah1h6o _19pk1ylp"
    >
      <style
        data-cmpld="true"
      >
        ._4cvr1h6o{align-items:center}._1ipk1l7b span{margin-top:3px}._1kdcidpf span{margin-right:0}._3glyidpf span{margin-bottom:0}._1w2u19bv span{margin-left:10px}._19qr12am:not(:first-child){margin-left:50px}@media screen and (max-width:480px){._kv0z1txs:not(:first-child){margin-top:20px!important}._urhrgrf3:not(:first-child){margin-right:0!important}._17kpgrf3:not(:first-child){margin-bottom:0!important}._1ol6grf3:not(:first-child){margin-left:0!important}}
      </style>
      <div
        class="_1e0c1txw _4cvr1h6o _1bah1h6o _1ipk1l7b _1kdcidpf _3glyidpf _1w2u19bv _19qr12am _kv0z1txs _urhrgrf3 _17kpgrf3 _1ol6grf3"
      >
        <svg
          class="_1bsb1tcg _4t3i1tcg _tzy4idpf _18t5kb7n icon loaded"
        >
          <use
            href="/icons/icons-sprite.svg#email"
          />
        </svg>
        <span
          class="fancy"
        >
          t.ariyagusolsuthi@gmail.com
        </span>
      </div>
      <div
        class="_1e0c1txw _4cvr1h6o _1bah1h6o _1ipk1l7b _1kdcidpf _3glyidpf _1w2u19bv _19qr12am _kv0z1txs _urhrgrf3 _17kpgrf3 _1ol6grf3"
      >
        <svg
          class="_1bsb1tcg _4t3i1tcg _tzy4idpf _18t5kb7n icon loaded"
        >
          <use
            href="/icons/icons-sprite.svg#github"
          />
        </svg>
        <span
          class="fancy"
        >
          <a
            href="https://github.com/thnkrn"
          >
            Github
          </a>
        </span>
      </div>
      <div
        class="_1e0c1txw _4cvr1h6o _1bah1h6o _1ipk1l7b _1kdcidpf _3glyidpf _1w2u19bv _19qr12am _kv0z1txs _urhrgrf3 _17kpgrf3 _1ol6grf3"
      >
        <svg
          class="_1bsb1tcg _4t3i1tcg _tzy4idpf _18t5kb7n icon loaded"
        >
          <use
            href="/icons/icons-sprite.svg#linkedin"
          />
        </svg>
        <span
          class="fancy"
        >
          <a
            href="https://www.linkedin.com/in/thanakorn-ariyagusolsuthi"
          >
            Linkedin
          </a>
        </span>
      </div>
    </div>
  </footer>
</DocumentFragment>
`;
